[
  {
    "id": 2,
    "file_path": "C:/Users/Adam/Desktop/Projects/music/music-organizer/sample-music2/Flume - Rushing Back feat. Vera Blue (ATRIP Remix).mp3",
    "file_name": "Flume - Rushing Back feat. Vera Blue (ATRIP Remix).mp3",
    "artist": "Flume",
    "title": "Rushing Back",
    "mix": "ATRIP Remix",
    "featuring": "Vera Blue",
    "album": "None",
    "genre": "None",
    "extra": "None",
    "bpm": "None",
    "duration": 269.352,
    "bitrate": 320000,
    "error_type": "Spotify search failed, no song info retrieved."
  },
  {
    "id": 5,
    "file_path": "C:/Users/Adam/Desktop/Projects/music/music-organizer/sample-music2/NASAYA - MIDNIGHT PURPLE (feat. MARO).mp3",
    "file_name": "NASAYA - MIDNIGHT PURPLE (feat. MARO).mp3",
    "artist": "None",
    "title": "None",
    "mix": "None",
    "featuring": "None",
    "album": "None",
    "genre": "None",
    "extra": "None",
    "bpm": "None",
    "duration": 225.5673469387755,
    "bitrate": 192000,
    "error_type": "filename error, song reformat.py failed"
  },
  {
    "id": 8,
    "file_path": "C:/Users/Adam/Desktop/Projects/music/music-organizer/sample-music2/Porter Robinson - Natural Light (2019 Worlds Live Edit).mp3",
    "file_name": "Porter Robinson - Natural Light (2019 Worlds Live Edit).mp3",
    "artist": "None",
    "title": "None",
    "mix": "None",
    "featuring": "None",
    "album": "None",
    "genre": "None",
    "extra": "None",
    "bpm": "None",
    "duration": 158.208,
    "bitrate": 320000,
    "error_type": "filename error, song reformat.py failed"
  },
  {
    "id": 11,
    "file_path": "C:/Users/Adam/Desktop/Projects/music/music-organizer/sample-music2/\u00d8fdream - Hermetic Law.mp3",
    "file_name": "\u00d8fdream - Hermetic Law.mp3",
    "artist": "\u00d8fdream",
    "title": "Hermetic Law",
    "mix": "None",
    "featuring": "None",
    "album": "None",
    "genre": "None",
    "extra": "None",
    "bpm": "None",
    "duration": 217.20816326530613,
    "bitrate": 192000,
    "error_type": "Spotify search failed, no song info retrieved."
  }
]